../Core/Src/main.c:34:5:__io_putchar	16	static
../Core/Src/main.c:39:5:main	8	static
../Core/Src/main.c:78:6:HAL_UART_RxCpltCallback	16	static
../Core/Src/main.c:88:6:execute_command	16	static
../Core/Src/main.c:104:6:manual_control	16	static
../Core/Src/main.c:151:10:measure_distance	16	static
../Core/Src/main.c:171:8:control_loop	8	static
../Core/Src/main.c:284:8:move_forward	4	static
../Core/Src/main.c:291:8:stop_motors	4	static
../Core/Src/main.c:298:8:reverse_motors	4	static
../Core/Src/main.c:305:8:turn_left_sonar	4	static
../Core/Src/main.c:309:8:turn_right_sonar	4	static
../Core/Src/main.c:312:8:turn_forward_sonar	4	static
../Core/Src/main.c:315:8:turn_left_os	4	static
../Core/Src/main.c:319:8:turn_right_os	4	static
../Core/Src/main.c:322:8:turn_forward_os	4	static
../Core/Src/main.c:326:6:SystemClock_Config	88	static
../Core/Src/main.c:373:13:MX_TIM1_Init	32	static
../Core/Src/main.c:419:13:MX_TIM2_Init	64	static
../Core/Src/main.c:482:13:MX_TIM3_Init	64	static
../Core/Src/main.c:545:13:MX_TIM4_Init	64	static
../Core/Src/main.c:612:13:MX_USART1_UART_Init	8	static
../Core/Src/main.c:645:13:MX_GPIO_Init	48	static
../Core/Src/main.c:695:6:Error_Handler	4	static,ignoring_inline_asm
